// Jest Snapshot v1, https://goo.gl/fbAQLP

exports[`Testing snapshot for vwo's trackEvent destination action: all fields 1`] = `
Object {
  "d": Object {
    "event": Object {
      "name": "segment_t*!1v8&HTqVu",
      "props": Object {
        "isCustomEvent": true,
        "page": Object {
          "testType": "t*!1v8&HTqVu",
        },
        "testType": "t*!1v8&HTqVu",
        "vwoMeta": Object {
          "metric": Object {},
          "vwo_og_event_name": "t*!1v8&HTqVu",
          "vwo_source": "segment.cloud",
        },
      },
      "time": null,
    },
    "msgId": "t*!1v8&HTqVu-NaN",
    "sessionId": null,
    "visId": "t*!1v8&HTqVu",
  },
}
`;

exports[`Testing snapshot for vwo's trackEvent destination action: required fields 1`] = `
Object {
  "d": Object {
    "event": Object {
      "name": "segment_t*!1v8&HTqVu",
      "props": Object {
        "isCustomEvent": true,
        "page": Object {
          "testType": "t*!1v8&HTqVu",
        },
        "vwoMeta": Object {
          "metric": Object {},
          "vwo_og_event_name": "t*!1v8&HTqVu",
          "vwo_source": "segment.cloud",
        },
      },
      "time": null,
    },
    "msgId": "t*!1v8&HTqVu-NaN",
    "sessionId": null,
    "visId": "t*!1v8&HTqVu",
  },
}
`;
